// Jest Snapshot v1, https://goo.gl/fbAQLP

exports[`MediaSearchBox Component renders the MediaSearchBox component 1`] = `
<form
  autoComplete="off"
  className="MuiBox-root css-m4cqzj"
  noValidate={true}
>
  <div
    className="MuiFormControl-root MuiTextField-root css-1u3bzj6-MuiFormControl-root-MuiTextField-root"
  >
    <label
      className="MuiInputLabel-root MuiInputLabel-formControl MuiInputLabel-animated MuiInputLabel-outlined MuiFormLabel-root MuiFormLabel-colorPrimary css-14s5rfu-MuiFormLabel-root-MuiInputLabel-root"
      data-shrink={false}
      htmlFor="search-textbox"
      id="search-textbox-label"
    >
      Search
    </label>
    <div
      className="MuiOutlinedInput-root MuiInputBase-root MuiInputBase-colorPrimary MuiInputBase-formControl css-9ddj71-MuiInputBase-root-MuiOutlinedInput-root"
      onClick={[Function]}
    >
      <input
        aria-invalid={false}
        autoFocus={false}
        className="MuiOutlinedInput-input MuiInputBase-input MuiInputBase-inputTypeSearch css-1g24dm6-MuiInputBase-input-MuiOutlinedInput-input"
        data-testid="search-textbox"
        disabled={false}
        id="search-textbox"
        name="search-textbox"
        onAnimationStart={[Function]}
        onBlur={[Function]}
        onChange={[Function]}
        onFocus={[Function]}
        placeholder="Search"
        required={false}
        type="search"
        value=""
      />
      <fieldset
        aria-hidden={true}
        className="MuiOutlinedInput-notchedOutline css-1d3z3hw-MuiOutlinedInput-notchedOutline"
      >
        <legend
          className="css-1ftyaf0"
        >
          <span>
            Search
          </span>
        </legend>
      </fieldset>
    </div>
  </div>
</form>
`;
